// Vitest Snapshot v1, https://vitest.dev/guide/snapshot.html

exports[`CommandHomeCapabilityStrip > renders the migration-era task configuration hierarchy 1`] = `"<section class="command-home-capability-strip"><div class="command-home-summary"><span><small>任务方式</small><strong>生码</strong></span><span><small>核心上下文</small><strong>仓库 / Issue / 日志</strong></span><span><small>默认交付</small><strong>回答、计划、Diff 与测试</strong></span></div><p class="command-home-recommendation"><strong>推荐能力</strong>Workspace · Terminal · Test · Git</p></section>"`;
