// Vitest Snapshot v1, https://vitest.dev/guide/snapshot.html

exports[`command Office room style > snapshots the Team card layout and responsive contract 1`] = `
{
  "cardContract": "/* Keep Office card content inside the design artifact's fixed action slot. */
.shell-page-view .office-card-button {
  display: grid;
  align-content: space-between;
  gap: 10px;
  min-height: 138px;
  padding: 14px;
  border: 1px solid var(--n-250);
  border-radius: var(--radius-xl);
  background: var(--n-0);
  color: inherit;
  text-align: left;
  cursor: pointer;
  box-shadow: var(--shadow-raised);
  transition:
    border-color 0.15s ease,
    background 0.15s ease,
    transform 0.15s ease,
    box-shadow 0.15s ease;
}
.shell-page-view .office-card-button:hover {
  transform: translateY(-2px);
  border-color: var(--n-500);
  background: var(--n-25);
  box-shadow: var(--shadow-raised);
}
.shell-page-view .office-card-button:focus-visible {
  outline: 2px solid color-mix(in oklch, var(--accent) 62%, var(--n-0));
  outline-offset: 3px;
}
.shell-page-view .office-card-button.is-active {
  border-color: var(--n-600);
  background: var(--n-50);
}
.shell-page-view .office-card-head,
.shell-page-view .office-card-foot {
  display: flex;
  gap: 8px;
  min-width: 0;
}
.shell-page-view .office-card-head {
  align-items: center;
}
.shell-page-view .office-card-glyph {
  display: grid;
  flex: 0 0 auto;
  width: 34px;
  height: 34px;
  place-items: center;
  border-radius: var(--radius-lg);
  background: var(--n-100);
  color: var(--n-800);
  font-size: calc(14px + var(--user-ui-font-delta));
  font-weight: 600;
}
.shell-page-view .office-card-button:hover .office-card-glyph {
  background: var(--n-150);
}
.shell-page-view .office-card-head strong {
  flex: 1 1 auto;
  min-width: 0;
  overflow: hidden;
  color: var(--n-1000);
  font-size: calc(14px + var(--user-ui-font-delta));
  font-weight: 500;
  line-height: 1.25;
  text-overflow: ellipsis;
  white-space: nowrap;
}
.shell-page-view .office-card-head .status {
  flex: 0 0 auto;
}
.shell-page-view .office-card-copy {
  color: var(--n-750);
  font-size: calc(12px + var(--user-ui-font-delta));
  line-height: 1.45;
  text-wrap: pretty;
}
.shell-page-view .office-card-foot {
  align-items: center;
  justify-content: space-between;
  margin: 0 -14px -14px;
  padding: 9px 14px;
  border-top: 1px solid var(--n-200);
  background: var(--n-25);
  border-radius: 0 0 var(--radius-lg) var(--radius-lg);
  color: var(--n-750);
  font-size: calc(12px + var(--user-ui-font-delta));
  line-height: 1.35;
}
.shell-page-view .office-card-foot > span {
  min-width: 0;
  overflow: hidden;
  text-overflow: ellipsis;
  white-space: nowrap;
}
.shell-page-view .office-card-foot em {
  display: inline-flex;
  flex: 0 0 auto;
  align-items: center;
  gap: 4px;
  color: var(--n-800);
  font-style: normal;
  font-weight: 500;
  white-space: nowrap;
}
.shell-page-view .office-card-foot em::after {
  content: "→";
  transition: transform 0.15s ease;
}
.shell-page-view .office-card-button:hover .office-card-foot em::after {
  transform: translateX(2px);
}",
  "responsiveContract": "",
}
`;

exports[`command Office room style > snapshots the Workflow live-runtime layout contract 1`] = `
".shell-page-view .team-capability-live-layout {
  display: grid;
  grid-template-columns: minmax(260px, 320px) minmax(0, 1fr);
  gap: 16px;
  min-height: 520px;
}
.shell-page-view .team-capability-definition-list,
.shell-page-view .team-capability-run-panel {
  min-width: 0;
  border: 1px solid var(--n-300);
  border-radius: var(--radius-lg);
  background: var(--n-0);
}
.shell-page-view .team-capability-definition-list {
  display: grid;
  align-content: start;
  gap: 9px;
  max-height: min(620px, calc(100vh - 300px));
  overflow-y: auto;
  padding: 14px;
}
.shell-page-view .team-capability-panel-head,
.shell-page-view .team-capability-run-header,
.shell-page-view .team-capability-run-panel > footer,
.shell-page-view .team-capability-execution-result > div {
  display: flex;
  align-items: center;
  justify-content: space-between;
  gap: 10px;
}
.shell-page-view .team-capability-panel-head {
  padding: 2px 2px 7px;
}
.shell-page-view .team-capability-panel-head span,
.shell-page-view .team-capability-run-kicker,
.shell-page-view .team-capability-workspace span,
.shell-page-view .team-capability-execution-result span {
  color: var(--n-700);
  font-size: calc(11px + var(--user-ui-font-delta));
}
.shell-page-view .team-capability-panel-head h2,
.shell-page-view .team-capability-run-panel h2 {
  margin: 2px 0 0;
  color: var(--n-950);
  font-size: calc(15px + var(--user-ui-font-delta));
}
.shell-page-view .team-capability-definition {
  display: grid;
  gap: 6px;
  width: 100%;
  padding: 13px;
  border: 1px solid transparent;
  border-radius: var(--radius-lg);
  background: var(--n-50);
  color: inherit;
  text-align: left;
}
.shell-page-view .team-capability-definition:hover,
.shell-page-view .team-capability-definition.active {
  border-color: var(--n-500);
  background: var(--n-75);
}
.shell-page-view .team-capability-definition strong {
  overflow: hidden;
  font-size: calc(12px + var(--user-ui-font-delta));
  text-overflow: ellipsis;
  white-space: nowrap;
}
.shell-page-view .team-capability-definition span,
.shell-page-view .team-capability-definition em {
  color: var(--n-700);
  font-size: calc(12px + var(--user-ui-font-delta));
  font-style: normal;
}
.shell-page-view .team-capability-definition span {
  display: -webkit-box;
  overflow: hidden;
  line-height: 1.45;
  -webkit-box-orient: vertical;
  -webkit-line-clamp: 3;
}
.shell-page-view .team-capability-run-panel {
  display: grid;
  align-content: start;
  grid-template-rows: auto auto auto auto;
  gap: 16px;
  padding: 20px;
}
.shell-page-view .team-capability-run-header {
  align-items: start;
}
.shell-page-view .team-capability-run-heading {
  display: grid;
  gap: 6px;
  width: 100%;
  min-width: 0;
}
.shell-page-view .team-capability-run-heading h2 {
  margin: 0;
  font-size: clamp(17px, 1.5vw, 21px);
  font-weight: 700;
  line-height: 1.35;
  overflow-wrap: anywhere;
}
.shell-page-view .team-capability-run-heading p {
  display: -webkit-box;
  max-width: 92ch;
  margin: 0;
  overflow: hidden;
  color: var(--n-750);
  font-size: calc(12px + var(--user-ui-font-delta));
  line-height: 1.6;
  -webkit-box-orient: vertical;
  -webkit-line-clamp: 3;
}
.shell-page-view .team-capability-workspace,
.shell-page-view .team-capability-execution-result {
  display: grid;
  gap: 5px;
  padding: 10px 12px;
  border: 1px solid var(--n-250);
  border-radius: var(--radius-md);
  background: var(--n-50);
}
.shell-page-view .team-capability-workspace strong,
.shell-page-view .team-capability-execution-result strong {
  color: var(--n-900);
  font-size: calc(12px + var(--user-ui-font-delta));
}
.shell-page-view .team-capability-execution-result pre {
  max-height: 210px;
  margin: 4px 0 0;
  overflow: auto;
  color: var(--n-900);
  font:
    var(--user-code-font-size) / 1.55 ui-monospace,
    SFMono-Regular,
    Menlo,
    monospace;
  white-space: pre-wrap;
}
.shell-page-view .team-capability-run-input {
  display: grid;
  gap: 7px;
  color: var(--n-850);
  font-size: calc(12px + var(--user-ui-font-delta));
  font-weight: 500;
}
.shell-page-view .team-capability-run-input textarea {
  min-height: 190px;
  max-height: 380px;
  resize: vertical;
  padding: 13px 14px;
  border: 1px solid var(--n-350);
  border-radius: var(--radius-lg);
  outline: 0;
  background: var(--n-0);
  color: var(--n-950);
  font: calc(13px + var(--user-ui-font-delta)) / 1.55 var(--font-body);
  transition:
    border-color 0.15s ease,
    box-shadow 0.15s ease,
    background 0.15s ease;
}
.shell-page-view .team-capability-run-input textarea:focus {
  border-color: color-mix(in oklch, var(--accent) 42%, var(--n-350));
  background: var(--n-0);
  box-shadow: 0 0 0 3px color-mix(in oklch, var(--accent) 9%, transparent);
}
.shell-page-view .team-capability-run-panel > footer {
  align-items: center;
  margin-top: auto;
  padding-top: 2px;
}
.shell-page-view .team-capability-run-panel > footer small {
  max-width: 480px;
  color: var(--n-700);
  font-size: calc(12px + var(--user-ui-font-delta));
  line-height: 1.45;
}
/* The panel's submit action is a page-level primary, so it takes the lg step. */
.shell-page-view .team-capability-run-panel > footer .button.primary {
  min-height: var(--control-h-lg);
  padding-inline: 16px;
  border-radius: var(--radius-md);
}
.shell-page-view .team-capability-error,
.shell-page-view .team-capability-inline-status {
  margin: 0;
  padding: 9px 11px;
  border-radius: var(--radius-md);
  color: var(--n-800);
  background: var(--n-100);
  font-size: calc(12px + var(--user-ui-font-delta));
}
.shell-page-view .team-capability-error,
.shell-page-view .team-capability-inline-status.is-error {
  color: var(--danger);
  background: color-mix(in oklch, var(--danger) 8%, var(--n-0));
}
/* Canvas-relative: the window stays wide while the canvas shrinks. */
@container page-stack (max-width: 1180px) {
  .shell-page-view .office-card-grid {
    grid-template-columns: repeat(2, minmax(0, 1fr));
  }
}
/* Canvas-relative, and on the same 760px step as the agents header. */
@container page-stack (max-width: 760px) {
  .shell-page-view[data-shell-view="team"] .catalog-market-header {
    grid-template-columns: minmax(0, 1fr);
    align-items: start;
    gap: 10px;
  }
  .shell-page-view[data-shell-view="team"] .catalog-header-actions {
    flex-wrap: wrap;
    justify-content: flex-start;
  }
  .shell-page-view .office-card-grid,
  .shell-page-view .workflow-list-item {
    grid-template-columns: minmax(0, 1fr);
  }
  .shell-page-view .team-capability-live-layout {
    grid-template-columns: minmax(0, 1fr);
    min-height: 0;
  }
  .shell-page-view .team-capability-definition-list {
    max-height: 320px;
  }
  .shell-page-view .team-capability-run-panel {
    padding: 16px;
  }
  .shell-page-view .team-capability-run-panel > footer .button.primary {
    width: 100%;
  }
  .shell-page-view .workflow-list-foot {
    justify-content: flex-start;
  }
}
/* Canvas-relative: the window stays wide while the canvas shrinks. */
@container page-stack (max-width: 860px) {
  .shell-page-view .team-capability-live-layout {
    grid-template-columns: minmax(0, 1fr);
  }
  .shell-page-view .team-capability-run-panel > footer {
    align-items: stretch;
    flex-direction: column;
  }
}
.shell-page-view .team-composer-bar input {
  min-width: 0;
  flex: 1;
  border: 0;
  outline: 0;
  background: transparent;
  color: var(--n-950);
  font: inherit;
}
.workflow-room-title-block small {
  margin-top: 4px;
  color: var(--n-700);
  font-size: calc(12px + var(--user-ui-font-delta));
  line-height: 1.4;
}"
`;

exports[`command Office room style > snapshots the canonical Office workspace embedding contract 1`] = `
"/* Embed the canonical Office workspace inside Team without a second runtime. */
.shell-page-view.office-room-active
  .office-room-inline.team-office-runtime-room {
  grid-template-rows: minmax(0, 1fr);
  overflow: hidden;
}
.team-office-runtime-room > .office-workspace {
  height: 100%;
  min-height: 0;
  padding: 0;
  background: var(--n-25);
}
.team-office-runtime-room
  > .office-workspace
  :is(.office-top, .office-room-body, .office-memory-panel) {
  max-width: none;
}
.team-office-room-loading,
.team-office-room-error {
  display: grid;
  min-height: 100%;
  padding: 28px;
  place-items: center;
  color: var(--n-750);
  font-size: calc(13px + var(--user-ui-font-delta));
}
.team-office-room-error {
  color: oklch(48% 0.15 25);
}"
`;

exports[`command Office room style > snapshots the design-aligned Workflow list and room contract 1`] = `
{
  "list": ".shell-page-view .workflow-list {
  display: grid;
  gap: 8px;
}
.shell-page-view .workflow-list-item {
  display: grid;
  grid-template-columns: minmax(0, 1fr) minmax(240px, 0.55fr) auto;
  gap: 14px;
  align-items: center;
  min-height: 76px;
  padding: 13px 16px;
  border: 1px solid var(--n-250);
  border-radius: var(--radius-xl);
  background: var(--n-0);
  color: inherit;
  text-align: left;
  cursor: pointer;
  box-shadow: var(--shadow-raised);
  transition:
    border-color 0.15s ease,
    background 0.15s ease,
    transform 0.15s ease,
    box-shadow 0.15s ease;
}
.shell-page-view .workflow-list-item:hover {
  transform: translateY(-2px);
  border-color: color-mix(in oklch, var(--accent) 24%, var(--n-300));
  background: color-mix(in oklch, var(--accent) 2%, var(--n-0));
  box-shadow: var(--shadow-raised);
}
.shell-page-view .workflow-list-item:focus-visible {
  outline: 2px solid color-mix(in oklch, var(--accent) 62%, var(--n-0));
  outline-offset: 3px;
}
.shell-page-view .workflow-list-item.is-active {
  border-color: color-mix(in oklch, var(--accent) 30%, var(--n-300));
  background: color-mix(in oklch, var(--accent) 3%, var(--n-0));
}
.shell-page-view .workflow-list-main {
  display: flex;
  align-items: center;
  min-width: 0;
  gap: 8px;
}
.shell-page-view .workflow-list-main strong {
  min-width: 0;
  overflow: hidden;
  color: var(--n-1000);
  font-size: calc(14px + var(--user-ui-font-delta));
  font-weight: 500;
  line-height: 1.25;
  text-overflow: ellipsis;
  white-space: nowrap;
}
.shell-page-view .workflow-list-meta {
  display: grid;
  min-width: 0;
  gap: 6px;
}
.shell-page-view .workflow-list-copy {
  display: -webkit-box;
  overflow: hidden;
  color: var(--n-750);
  font-size: calc(12px + var(--user-ui-font-delta));
  line-height: 1.45;
  text-wrap: pretty;
  -webkit-box-orient: vertical;
  -webkit-line-clamp: 1;
}
.shell-page-view .workflow-member-strip {
  display: flex;
  align-items: center;
  min-width: 0;
  color: var(--n-700);
  font-size: calc(12px + var(--user-ui-font-delta));
}
.shell-page-view .workflow-member-strip small {
  display: grid;
  width: 24px;
  height: 24px;
  place-items: center;
  border: 2px solid var(--n-0);
  border-radius: var(--radius-pill);
  background: color-mix(in oklch, var(--accent) 9%, var(--n-100));
  color: color-mix(in oklch, var(--accent) 62%, var(--n-900));
  font-size: calc(11px + var(--user-ui-font-delta));
  font-weight: 600;
}
.shell-page-view .workflow-member-strip small + small {
  margin-left: -7px;
}
.shell-page-view .workflow-member-strip em {
  margin-left: 8px;
  color: var(--n-700);
  font-style: normal;
  font-weight: 500;
}
.shell-page-view .workflow-list-foot {
  display: inline-flex;
  align-items: center;
  gap: 12px;
  justify-content: flex-end;
}
.shell-page-view .workflow-list-foot > small {
  max-width: 150px;
  overflow: hidden;
  color: var(--n-700);
  font-size: calc(11px + var(--user-ui-font-delta));
  font-weight: 500;
  text-overflow: ellipsis;
  white-space: nowrap;
}
.shell-page-view .workflow-list-foot b {
  display: inline-flex;
  align-items: center;
  gap: 4px;
  color: color-mix(in oklch, var(--accent) 78%, var(--n-950));
  font-size: calc(12px + var(--user-ui-font-delta));
  font-weight: 500;
}
.shell-page-view .workflow-list-foot b::after {
  content: "→";
  transition: transform 0.15s ease;
}
.shell-page-view .workflow-list-item:hover .workflow-list-foot b::after {
  transform: translateX(2px);
}
.shell-page-view .workflow-list-progress {
  display: inline-grid;
  grid-template-columns: repeat(4, 22px);
  align-items: center;
  gap: 4px;
}
.shell-page-view .workflow-list-progress i {
  display: block;
  height: 4px;
  border-radius: var(--radius-pill);
  background: var(--n-250);
}
.shell-page-view .workflow-list-progress i.is-done {
  background: color-mix(in oklch, var(--success) 62%, var(--n-250));
}
.shell-page-view .workflow-list-progress i.is-running {
  background: color-mix(in oklch, var(--accent) 74%, var(--n-250));
}",
  "room": ".shell-page-view.workflow-room-active .team-workflow-shell {
  display: block;
}
.shell-page-view.workflow-room-active .workflow-room-inline {
  position: relative;
  display: grid;
  grid-template-rows: auto minmax(0, 1fr);
  gap: 0;
  height: 100%;
  min-height: 0;
  padding: 0;
  border: 0;
  border-radius: 0;
  background: var(--n-25);
  box-shadow: none;
}
.workflow-room-top {
  display: grid;
  grid-template-columns: auto minmax(0, 1fr) auto;
  gap: 12px;
  align-items: center;
  min-height: 64px;
  padding: 10px 16px;
  border-bottom: 1px solid var(--n-300);
  background: var(--n-25);
  backdrop-filter: blur(14px);
  -webkit-backdrop-filter: blur(14px);
}
.workflow-room-title-block {
  display: grid;
  gap: 2px;
  min-width: 0;
}
/*
 * The heading and paragraph keep their user-agent margins otherwise (17px and
 * 12px, top and bottom), which inflated this row to 142px against the Office
 * room's 84px even though both declare the same 64px floor.
 */
.workflow-room-title-block h3,
.workflow-room-title-block p {
  margin: 0;
}
.workflow-room-title-block span {
  color: var(--n-650);
  font-size: calc(11px + var(--user-ui-font-delta));
  font-weight: 600;
  letter-spacing: 0.08em;
  text-transform: uppercase;
}
.workflow-room-title-block h3 {
  color: var(--n-1000);
  font-size: calc(17px + var(--user-ui-font-delta));
  font-weight: 600;
  letter-spacing: -0.01em;
}
/*
 * One line with an ellipsis, like the Office room: a second line moves the room
 * header by 16px depending on how long the summary happens to be, and the full
 * text is already on the element's title attribute.
 */
.workflow-room-title-block p {
  overflow: hidden;
  color: var(--n-750);
  font-size: calc(12px + var(--user-ui-font-delta));
  line-height: 1.35;
  text-overflow: ellipsis;
  white-space: nowrap;
}
/*
 * Room headers follow the page headers: one control height across the row, so a
 * \`compact\` button does not render 28px beside the 32px controls in the Office
 * room header.
 */
.workflow-room-top .button.compact {
  min-height: var(--control-h-md);
}
.workflow-room-top > .button:first-child svg,
.workflow-room-actions .button svg {
  width: 14px;
  height: 14px;
}
.workflow-room-actions {
  display: flex;
  align-items: center;
  justify-content: flex-end;
  gap: 6px;
}
.workflow-room-actions .button[aria-expanded="true"] {
  border-color: color-mix(in oklch, var(--accent) 28%, var(--n-300));
  background: color-mix(in oklch, var(--accent) 7%, var(--n-0));
  color: color-mix(in oklch, var(--accent) 88%, var(--n-1000));
}
.workflow-room-stage {
  display: grid;
  grid-template-rows: auto minmax(0, 1fr);
  min-height: 0;
  overflow: hidden;
}",
}
`;

exports[`command Office room style > snapshots the visible Office landing contract 1`] = `
"/* Keep Office visibly discoverable before real records are available. */
.shell-page-view .team-office-empty {
  grid-column: 1 / -1;
  display: grid;
  align-content: center;
  gap: 26px;
  min-height: min(430px, calc(100vh - 190px));
  margin: 0;
  padding: clamp(26px, 4vw, 46px);
  border: 1px solid var(--n-350);
  border-radius: var(--radius-xl);
  background: var(--n-0);
  color: var(--n-950);
  /* An empty-state card rests on the page rather than floating over it. */
  box-shadow: var(--shadow-raised);
  text-align: left;
}
.shell-page-view .team-office-empty-head {
  display: grid;
  gap: 8px;
  max-width: 680px;
}
.shell-page-view .team-office-empty-kicker {
  color: var(--n-700);
  font-size: calc(11px + var(--user-ui-font-delta));
  font-weight: 600;
  letter-spacing: 0.14em;
}
.shell-page-view .team-office-empty h3 {
  margin: 0;
  color: var(--n-1000);
  font-size: clamp(24px, 3vw, 32px);
  font-weight: 600;
  letter-spacing: -0.025em;
  line-height: 1.18;
}
.shell-page-view .team-office-empty-head p {
  max-width: 66ch;
  margin: 0;
  color: var(--n-750);
  font-size: calc(14px + var(--user-ui-font-delta));
  line-height: 1.6;
  text-wrap: pretty;
}
.shell-page-view .team-office-capability-grid {
  display: grid;
  grid-template-columns: repeat(3, minmax(0, 1fr));
  gap: 10px;
}
.shell-page-view .team-office-capability {
  display: grid;
  grid-template-columns: 38px minmax(0, 1fr);
  align-items: start;
  gap: 12px;
  min-width: 0;
  padding: 15px;
  border: 1px solid var(--n-300);
  border-radius: var(--radius-lg);
  background: var(--n-25);
}
.shell-page-view .team-capability-unavailable .team-office-capability {
  grid-template-columns: minmax(0, 1fr);
}
.shell-page-view .office-card-grid > .filter-empty-state {
  grid-column: 1 / -1;
}
.shell-page-view .team-office-capability > span {
  display: grid;
  width: 38px;
  height: 38px;
  place-items: center;
  border-radius: var(--radius-lg);
  background: var(--n-100);
  color: var(--n-800);
}
.shell-page-view .team-office-capability svg {
  width: 18px;
  height: 18px;
  fill: none;
  stroke: currentColor;
  stroke-linecap: round;
  stroke-linejoin: round;
  stroke-width: 1.7;
}
.shell-page-view .team-office-capability div {
  display: grid;
  gap: 4px;
  min-width: 0;
}
.shell-page-view .team-office-capability strong {
  color: var(--n-950);
  font-size: calc(14px + var(--user-ui-font-delta));
  font-weight: 500;
}
.shell-page-view .team-office-capability p {
  margin: 0;
  color: var(--n-700);
  font-size: calc(12px + var(--user-ui-font-delta));
  line-height: 1.5;
  text-wrap: pretty;
}
.shell-page-view .team-office-empty-footer {
  display: flex;
  align-items: center;
  justify-content: space-between;
  gap: 16px;
  padding-top: 2px;
}
.shell-page-view .team-office-connection-state {
  display: inline-flex;
  align-items: center;
  gap: 8px;
  color: var(--n-750);
  font-size: calc(12px + var(--user-ui-font-delta));
  font-weight: 500;
}
.shell-page-view .team-office-connection-state::before {
  width: 8px;
  height: 8px;
  border-radius: var(--radius-pill);
  background: var(--n-550);
  box-shadow: 0 0 0 3px oklch(66% 0 0 / 0.1);
  content: "";
}
.shell-page-view .team-office-connection-state[data-state="ready"]::before {
  background: oklch(63% 0.13 154);
  box-shadow: 0 0 0 3px oklch(63% 0.13 154 / 0.11);
}
.shell-page-view
  .team-office-connection-state[data-state="unavailable"]::before {
  background: oklch(61% 0.18 28);
  box-shadow: 0 0 0 3px oklch(61% 0.18 28 / 0.11);
}
.shell-page-view .team-office-connection-state[data-state="loading"]::before {
  background: oklch(70% 0.13 78);
  box-shadow: 0 0 0 3px oklch(70% 0.13 78 / 0.12);
}
/*
 * Query the canvas, not the viewport: the window stays wide while this canvas
 * shrinks behind the workbench, so @media never matched and the three capability
 * cards stayed side by side in a half-width column, wrapping their labels one
 * character per line.
 */
@container page-stack (max-width: 1080px) {
  .shell-page-view .team-office-capability-grid {
    grid-template-columns: repeat(2, minmax(0, 1fr));
  }
}
@container page-stack (max-width: 860px) {
  .shell-page-view .team-office-empty {
    min-height: 0;
  }
  .shell-page-view .team-office-capability-grid {
    grid-template-columns: minmax(0, 1fr);
  }
}
@container page-stack (max-width: 560px) {
  .shell-page-view .team-office-empty-footer {
    align-items: stretch;
    flex-direction: column;
  }
  .shell-page-view .team-office-empty-footer .button {
    width: 100%;
  }
}"
`;
