// Vitest Snapshot v1, https://vitest.dev/guide/snapshot.html

exports[`ControlKnowledgeSelectionList > snapshots immutable selections as visibly non-executable 1`] = `"<section class="context-palette-section" aria-label="Knowledge"><header>Knowledge</header><button aria-disabled="true" disabled="" title="Knowledge 将在持久引用接入后可用于任务" type="button"><span>知识库</span><strong>Launch decision</strong><em>暂不可用于任务</em></button></section>"`;
